exports[`test Users page with child components 1`] = `
<div>
  <h1>
    Users Page
  </h1>
  <div>
    State inside the Users Container: 
    5
  </div>
  <hr />
  <div>
    Counter Component:
  </div>
  <div
    data-radium={true}>
    5
    <button
      data-radium={true}
      onClick={[Function]}
      onMouseEnter={[Function]}
      onMouseLeave={[Function]}
      style={
        Object {
          "backgroundColor": "#27AE60",
          "borderRadius": "3px",
          "color": "white",
          "fontFamily": "\'Helvetica Neue\', sans-serif",
          "padding": "5px",
          "position": "relative",
          "textAlign": "center",
          "width": "100%",
        }
      }>
      +
    </button>
  </div>
  <div
    data-radium={true}>
    5
    <button
      data-radium={true}
      onClick={[Function]}
      onMouseEnter={[Function]}
      onMouseLeave={[Function]}
      style={
        Object {
          "backgroundColor": "#0074D9",
          "borderRadius": "3px",
          "color": "white",
          "fontFamily": "\'Helvetica Neue\', sans-serif",
          "padding": "5px",
          "position": "relative",
          "textAlign": "center",
          "width": "100%",
        }
      }>
      +
    </button>
  </div>
</div>
`;

exports[`test Users page with child components 2`] = `
<div>
  <h1>
    Users Page
  </h1>
  <div>
    State inside the Users Container: 
    7
  </div>
  <hr />
  <div>
    Counter Component:
  </div>
  <div
    data-radium={true}>
    7
    <button
      data-radium={true}
      onClick={[Function]}
      onMouseEnter={[Function]}
      onMouseLeave={[Function]}
      style={
        Object {
          "backgroundColor": "#27AE60",
          "borderRadius": "3px",
          "color": "white",
          "fontFamily": "\'Helvetica Neue\', sans-serif",
          "padding": "5px",
          "position": "relative",
          "textAlign": "center",
          "width": "100%",
        }
      }>
      +
    </button>
  </div>
  <div
    data-radium={true}>
    7
    <button
      data-radium={true}
      onClick={[Function]}
      onMouseEnter={[Function]}
      onMouseLeave={[Function]}
      style={
        Object {
          "backgroundColor": "#0074D9",
          "borderRadius": "3px",
          "color": "white",
          "fontFamily": "\'Helvetica Neue\', sans-serif",
          "padding": "5px",
          "position": "relative",
          "textAlign": "center",
          "width": "100%",
        }
      }>
      +
    </button>
  </div>
</div>
`;
