exports[`test Counter should increment when incrementing 1`] = `
<div
  data-radium={true}>
  5
  <button
    data-radium={true}
    onClick={[Function]}
    onMouseEnter={[Function]}
    onMouseLeave={[Function]}
    style={
      Object {
        "backgroundColor": "#0074D9",
        "borderRadius": "3px",
        "color": "white",
        "fontFamily": "\'Helvetica Neue\', sans-serif",
        "padding": "5px",
        "position": "relative",
        "textAlign": "center",
        "width": "100%",
      }
    }>
    +
  </button>
</div>
`;

exports[`test Counter should increment when incrementing 2`] = `
<div
  data-radium={true}>
  7
  <button
    data-radium={true}
    onClick={[Function]}
    onMouseEnter={[Function]}
    onMouseLeave={[Function]}
    style={
      Object {
        "backgroundColor": "#0074D9",
        "borderRadius": "3px",
        "color": "white",
        "fontFamily": "\'Helvetica Neue\', sans-serif",
        "padding": "5px",
        "position": "relative",
        "textAlign": "center",
        "width": "100%",
      }
    }>
    +
  </button>
</div>
`;
